// Jest Snapshot v1, https://goo.gl/fbAQLP

exports[`should match the Loader component snapshot 1`] = `
<View
  style={
    {
      "alignItems": "center",
      "backgroundColor": "#000000c0",
      "bottom": 0,
      "display": "flex",
      "justifyContent": "center",
      "left": 0,
      "marginTop": "70%",
      "position": "absolute",
      "right": 0,
      "top": 0,
      "zIndex": 10000,
    }
  }
  testID="loader-container"
>
  <Image
    resizeMode="contain"
    source={1}
    style={
      [
        {
          "width": "40%",
        },
      ]
    }
    testID="loading-gif"
  />
</View>
`;
